@main {
  disj: bool = const true;
  conj: bool = const false;
  neg: bool = const false;
  print disj conj neg;
}
