@main {
  i: int = const 0;
  one: int = const 1;
  five: int = const 5;
.loop.header:
  done: bool = eq i five;
  br done .loop.exit .loop.body;
.loop.body:
  i: int = add i one;
  jmp .loop.header;
.loop.exit:
}
