@main {
  a: int = const 0;
.lbl:
  d: int = id a;
  a: int = const 1;
  print d;
}
